[backblue.gif]
[fade.gif]
[index.html]
[localhost/banhang-vongda/feed/index.html]
[localhost/banhang-vongda/comments/feed/index.html]
[localhost/banhang-vongda/wp-includes/js/jquery/jqueryb8ff.js]
[localhost/banhang-vongda/wp-includes/js/jquery/jquery-migrate.min330a.js]
[localhost/banhang-vongda/xmlrpc0db0.php]
[localhost/banhang-vongda/wp-includes/wlwmanifest.xml]
[localhost/banhang-vongda/wp-json/index.html]
[localhost/banhang-vongda/wp-json/oembed/1.0/embed381e.json]
[localhost/banhang-vongda/wp-json/oembed/1.0/embeddaae]
[localhost/banhang-vongda/wp-content/uploads/2019/04/ao-dai-hoa-hong.png]
[ajax.googleapis.com/ajax/libs/jquery/2.1.3/jquery.min.js]
[maxcdn.bootstrapcdn.com/font-awesome/4.7.0/css/font-awesome.min.css]
[localhost/banhang-vongda/wp-content/uploads/2019/04/bokeh-2245355_960_720.jpg]
[connect.facebook.net/vi_VN/sdk/xfbml.customerchat.js]
[localhost/banhang-vongda/wp-content/uploads/2019/04/tce1374203856.png]
[localhost/banhang-vongda/wp-content/uploads/2019/03/2-2.jpg]
[localhost/banhang-vongda/wp-content/uploads/2019/03/3-4.jpg]
[localhost/banhang-vongda/wp-content/uploads/2019/03/8.jpg]
[localhost/banhang-vongda/wp-content/uploads/2019/03/1.jpg]
[localhost/banhang-vongda/wp-content/uploads/2019/03/7.jpg]
[localhost/banhang-vongda/wp-content/uploads/2019/04/images.jpg]
[localhost/banhang-vongda/wp-content/uploads/2019/03/5.jpg]
[localhost/banhang-vongda/wp-content/uploads/2019/04/images-1.jpg]
[localhost/banhang-vongda/wp-content/uploads/2019/03/4-1.jpg]
[localhost/banhang-vongda/wp-content/uploads/2019/03/6-1.jpg]
[localhost/banhang-vongda/wp-content/uploads/2019/03/d3-1.jpg]
[localhost/banhang-vongda/wp-content/uploads/2019/04/Do-1-600x600-300x300.jpg]
[localhost/banhang-vongda/wp-content/uploads/2019/04/58a91ef38717c_1487478515-300x300.jpg]
[localhost/banhang-vongda/wp-content/uploads/2019/04/vong-da-thch-anh-u-linh-d-6li-300x300.jpg]
[localhost/banhang-vongda/wp-content/uploads/2019/03/1-4.jpg]
[localhost/banhang-vongda/wp-content/uploads/2019/04/tan-thu-truong-bo-nong-nghiep-1554978165341.jpg]
[localhost/banhang-vongda/wp-content/uploads/2019/04/thu-tuong-den-bucharest-bat-dau-tham-chinh-thuc-romania-1-1555230952547.jpg]
[localhost/banhang-vongda/wp-content/uploads/2019/04/20190417214055-1555545544324.jpg]
[localhost/banhang-vongda/wp-content/uploads/2019/04/le-vinh-tan-1-1555506986510.jpg]
[localhost/banhang-vongda/wp-content/uploads/2019/04/t-tg-phuc-1555408821350.jpg]
[localhost/banhang-vongda/wp-content/uploads/2019/04/2-1556259628865.jpg]
[localhost/banhang-vongda/wp-content/uploads/2019/04/icon-dich-vu-4.png]
[localhost/banhang-vongda/wp-content/uploads/2019/04/icon-dich-vu-3.png]
[localhost/banhang-vongda/wp-content/uploads/2019/04/icon-dich-vu-2.png]
[localhost/banhang-vongda/wp-content/uploads/2019/04/icon-dich-vu-1.png]
[localhost/banhang-vongda/wp-content/uploads/2019/04/cropped-lo-go-thiet-ke-web3.png]
[localhost/banhang-vongda/wp-content/plugins/woocommerce/assets/js/jquery-blockui/jquery.blockUI.min44fd.js]
[localhost/banhang-vongda/wp-content/plugins/woocommerce/assets/js/frontend/add-to-cart.min822f.js]
[localhost/banhang-vongda/wp-content/plugins/woocommerce/assets/js/js-cookie/js.cookie.min6b25.js]
[localhost/banhang-vongda/wp-content/plugins/woocommerce/assets/js/frontend/woocommerce.min822f.js]
[localhost/banhang-vongda/wp-content/plugins/woocommerce/assets/js/frontend/cart-fragments.min822f.js]
[localhost/banhang-vongda/wp-content/themes/denled-web3giay/js/navigation4a7d.js]
[localhost/banhang-vongda/wp-content/themes/denled-web3giay/js/skip-link-focus-fix4a7d.js]
[localhost/banhang-vongda/wp-includes/js/wp-embed.min3c21.js]
[localhost/banhang-vongda/index.html]
[localhost/banhang-vongda/wp-content/themes/denled-web3giay/style1.css]
[localhost/banhang-vongda/wp-includes/css/dist/block-library/style.min3c21.css]
[localhost/banhang-vongda/wp-content/plugins/woocommerce/assets/css/blocks/style822f.css]
[localhost/banhang-vongda/wp-content/plugins/woocommerce/assets/css/woocommerce-layout822f.css]
[localhost/banhang-vongda/wp-content/plugins/woocommerce/assets/css/woocommerce-smallscreen822f.css]
[localhost/banhang-vongda/wp-content/plugins/woocommerce/assets/fonts/star.eot]
[localhost/banhang-vongda/wp-content/plugins/woocommerce/assets/fonts/star.woff]
[localhost/banhang-vongda/wp-content/plugins/woocommerce/assets/fonts/stard41d.eot]
[localhost/banhang-vongda/wp-content/plugins/woocommerce/assets/fonts/star.ttf]
[localhost/banhang-vongda/wp-content/plugins/woocommerce/assets/fonts/WooCommerce.eot]
[localhost/banhang-vongda/wp-content/plugins/woocommerce/assets/fonts/WooCommerced41d.eot]
[localhost/banhang-vongda/wp-content/plugins/woocommerce/assets/fonts/WooCommerce.woff]
[localhost/banhang-vongda/wp-content/plugins/woocommerce/assets/fonts/WooCommerce.ttf]
[localhost/banhang-vongda/wp-content/plugins/woocommerce/assets/css/woocommerce822f.css]
[localhost/banhang-vongda/wp-content/themes/denled-web3giay/style3c21.css]
[maxcdn.bootstrapcdn.com/font-awesome/4.7.0/css/font-awesome.min.css]
[connect.facebook.net/vi_VN/sdk/xfbml.customerchat.js]
[localhost/banhang-vongda/wp-content/uploads/2019/04/icon-hot.gif]
[localhost/banhang-vongda/danh-muc-san-pham/da-quy/index.html]
[localhost/banhang-vongda/danh-muc-san-pham/da-quy/vong-da-phong-thuy/index.html]
[localhost/banhang-vongda/danh-muc-san-pham/da-quy/feed/index.html]
[localhost/banhang-vongda/danh-muc-san-pham/da-quy/vong-go-phong-thuy/index.html]
[localhost/banhang-vongda/danh-muc-san-pham/den-led/index.html]
[localhost/banhang-vongda/danh-muc-san-pham/den-led/led-ngoai-troi/index.html]
[localhost/banhang-vongda/danh-muc-san-pham/den-led/led-thoat-hiem/index.html]
[localhost/banhang-vongda/danh-muc-san-pham/da-quy/vong-da-phong-thuy/feed/index.html]
[localhost/banhang-vongda/danh-muc-san-pham/den-led/led-trong-nha/index.html]
[localhost/banhang-vongda/danh-muc-san-pham/thuong-hieu-life/index.html]
[localhost/banhang-vongda/danh-muc-san-pham/thuong-hieu-life/den-ban/index.html]
[localhost/banhang-vongda/danh-muc-san-pham/thuong-hieu-life/den-tha/index.html]
[localhost/banhang-vongda/danh-muc-san-pham/da-quy/vong-go-phong-thuy/feed/index.html]
[localhost/banhang-vongda/danh-muc-san-pham/thuong-hieu-life/den-tran/index.html]
[localhost/banhang-vongda/danh-muc-san-pham/thuong-hieu-life/den-tre-em/index.html]
[localhost/banhang-vongda/danh-muc-san-pham/thuong-hieu-life/den-tuong/index.html]
[localhost/banhang-vongda/danh-muc-san-pham/den-led/feed/index.html]
[localhost/banhang-vongda/danh-muc-san-pham/den-led/led-trong-nha/feed/index.html]
[3.bp.blogspot.com/-nSviP8D4gZA/XI3bS37scsI/AAAAAAAATJg/i6r47ZwJeSMWf1KhyNN_I5cYObAEQiiEwCLcBGAs/s1600/hop-tac.jpg]
[localhost/banhang-vongda/danh-muc-san-pham/den-led/led-ngoai-troi/feed/index.html]
[localhost/banhang-vongda/danh-muc-san-pham/den-led/led-thoat-hiem/feed/index.html]
[3.bp.blogspot.com/-ZdLdBOMqNgE/XI3cWpoI3EI/AAAAAAAATJo/mG56vllF7uIWAObyf2qluiTFImpT9tzCgCLcBGAs/s1600/quang-cao.PNG]
[localhost/banhang-vongda/danh-muc-san-pham/thuong-hieu-life/feed/index.html]
[localhost/banhang-vongda/danh-muc-san-pham/thuong-hieu-life/den-ban/feed/index.html]
[localhost/banhang-vongda/category/tin-tuc/index.html]
[localhost/banhang-vongda/danh-muc-san-pham/thuong-hieu-life/den-tha/feed/index.html]
[localhost/banhang-vongda/danh-muc-san-pham/thuong-hieu-life/den-tran/feed/index.html]
[localhost/banhang-vongda/danh-muc-san-pham/thuong-hieu-life/den-tre-em/feed/index.html]
[localhost/banhang-vongda/category/tin-tuc/feed/index.html]
[localhost/banhang-vongda/danh-muc-san-pham/thuong-hieu-life/den-tuong/feed/index.html]
[localhost/banhang-vongda/wp-json/oembed/1.0/embedd33b.json]
[localhost/banhang-vongda/wp-json/oembed/1.0/embedcea0]
[localhost/banhang-vongda/lien-he/index.html]
[localhost/banhang-vongda/wp-json/oembed/1.0/embed1258.json]
[localhost/banhang-vongda/wp-json/oembed/1.0/embeda068]
[localhost/banhang-vongda/wp-content/plugins/woocommerce/assets/js/frontend/country-select.min822f.js]
[localhost/banhang-vongda/wp-content/plugins/woocommerce/assets/js/frontend/address-i18n.min822f.js]
[localhost/banhang-vongda/wp-content/plugins/woocommerce/assets/js/frontend/cart.min822f.js]
[localhost/banhang-vongda/wp-content/plugins/woocommerce/assets/js/selectWoo/selectWoo.full.min0ba6.js]
[localhost/banhang-vongda/gio-hang/index.html]
[localhost/banhang-vongda/wp-content/uploads/2019/04/Do-1-600x600.jpg]
[localhost/banhang-vongda/wp-content/uploads/2019/04/58a91ef38717c_1487478515.jpg]
[localhost/banhang-vongda/wp-content/uploads/2019/04/left-slide.png]
[localhost/banhang-vongda/wp-content/uploads/2019/04/right-slide.png]
[2.bp.blogspot.com/-Lxbl7ufTllo/XJ3fTLl90kI/AAAAAAAAENM/LOaxlDx6304wtQwqOxsUxZricSW4QBCTQCLcBGAs/s1600/thanh-toan.png]
[2.bp.blogspot.com/-l9Tji3lY4z4/XJ3e8kltSnI/AAAAAAAAENA/WwyVGX8dIo8X04__hy7IjXmp_zrlnPRDgCLcBGAs/s1600/logo-ngan-hang-sacombank.png]
[3.bp.blogspot.com/-lt3_ozG_cRQ/XJ3e8pBe9UI/AAAAAAAAEM8/fGvZyCgK8GorJUsChmyIksveYZ-jF5vlACLcBGAs/s1600/acb-logo.png]
[localhost/banhang-vongda/wp-content/plugins/woocommerce/assets/js/frontend/single-product.min822f.js]
[localhost/banhang-vongda/sản phẩm/vong-go-phong-thuy-001/index.html]
[localhost/banhang-vongda/wp-content/uploads/2019/03/3.jpg]
[localhost/banhang-vongda/wp-content/uploads/2019/03/4.jpg]
[localhost/banhang-vongda/wp-content/uploads/2019/03/d3.jpg]
[localhost/banhang-vongda/sản phẩm/vong-go-phong-thuy-002/index.html]
[localhost/banhang-vongda/wp-content/uploads/2019/03/8-1.jpg]
[localhost/banhang-vongda/wp-content/uploads/2019/03/3-5.jpg]
[localhost/banhang-vongda/sản phẩm/vong-go-phong-thuy-003/index.html]
[localhost/banhang-vongda/indexeea2.html]
[localhost/banhang-vongda/sản phẩm/vong-go-phong-thuy-003-2/feed/index.html]
[localhost/banhang-vongda/wp-content/uploads/2019/03/2.jpg]
[localhost/banhang-vongda/sản phẩm/vong-go-phong-thuy-003-2/index.html]
[localhost/banhang-vongda/index0e88.html]
[localhost/banhang-vongda/sản phẩm/vong-go-phong-thuy-004/index.html]
[localhost/banhang-vongda/wp-content/uploads/2019/03/1-3.jpg]
[localhost/banhang-vongda/sản phẩm/vong-go-phong-thuy-005/index.html]
[localhost/banhang-vongda/indexfc38.html]
[localhost/banhang-vongda/sản phẩm/vong-go-phong-thuy-006/index.html]
[localhost/banhang-vongda/index5f6a.html]
[localhost/banhang-vongda/wp-content/uploads/2019/03/2-3.jpg]
[localhost/banhang-vongda/sản phẩm/vong-go-phong-thuy-007/index.html]
[localhost/banhang-vongda/index0235.html]
[localhost/banhang-vongda/wp-content/uploads/2019/03/2-1.jpg]
[localhost/banhang-vongda/wp-content/uploads/2019/03/1-1.jpg]
[localhost/banhang-vongda/sản phẩm/vong-da-phong-thuy-004/index.html]
[localhost/banhang-vongda/index6791.html]
[localhost/banhang-vongda/wp-content/uploads/2019/03/vi-sao-thu-khoa-thuong-la-hoc-sinh-cua-cac-truong-tinh-le-300x200.jpg]
[localhost/banhang-vongda/sản phẩm/vong-da-phong-thuy-k02/index.html]
[localhost/banhang-vongda/wp-content/uploads/2019/03/6.jpg]
[localhost/banhang-vongda/wp-content/uploads/2019/03/tuyen-viet-nam-vo-dich-aff-cup-2018-chien-tich-vinh-quang-cua-the-he-vang-1-300x185.jpg]
[localhost/banhang-vongda/sản phẩm/vong-da-phong-thuy-k03/index.html]
[localhost/banhang-vongda/index0a14.html]
[localhost/banhang-vongda/sản phẩm/96/index.html]
[localhost/banhang-vongda/wp-content/uploads/2019/04/58a91ef38717c_1487478515-300x199.jpg]
[localhost/banhang-vongda/sản phẩm/vong-da-phong-thuy-k06/index.html]
[localhost/banhang-vongda/index862a.html]
[localhost/banhang-vongda/wp-content/uploads/2019/04/vong-da-thch-anh-u-linh-d-6li.jpg]
[localhost/banhang-vongda/sản phẩm/vong-da-phong-thuy-k07/index.html]
[localhost/banhang-vongda/index5668.html]
[localhost/banhang-vongda/sản phẩm/vong-da-phong-thuy-k08/index.html]
[localhost/banhang-vongda/index0865.html]
[localhost/banhang-vongda/sản phẩm/vong-da-xanh-luc-k1/index.html]
[localhost/banhang-vongda/indexd74c.html]
[localhost/banhang-vongda/wp-json/oembed/1.0/embed0474.json]
[localhost/banhang-vongda/2019/04/26/pho-bi-thu-tinh-bac-kan-duoc-bo-nhiem-lam-thu-truong-bo-nong-nghiep/feed/index.html]
[localhost/banhang-vongda/wp-json/oembed/1.0/embed24fc]
[icdn.dantri.com.vn/thumb_w/640/2019/04/11/tan-thu-truong-bo-nong-nghiep-1554978165341.jpg]
[localhost/banhang-vongda/wp-includes/js/comment-reply.min3c21.js]
[localhost/banhang-vongda/2019/04/26/pho-bi-thu-tinh-bac-kan-duoc-bo-nhiem-lam-thu-truong-bo-nong-nghiep/index.html]
[localhost/banhang-vongda/2019/04/26/thu-tuong-den-bucharest-bat-dau-tham-chinh-thuc-romania/feed/index.html]
[localhost/banhang-vongda/wp-json/oembed/1.0/embed924e.json]
[localhost/banhang-vongda/wp-json/oembed/1.0/embedf49b]
[localhost/banhang-vongda/2019/04/26/thu-tuong-den-bucharest-bat-dau-tham-chinh-thuc-romania/index.html]
[localhost/banhang-vongda/2019/04/26/doc-phan-quang-viet-ve-bac-ho/feed/index.html]
[localhost/banhang-vongda/wp-json/oembed/1.0/embed5a6f.json]
[localhost/banhang-vongda/wp-json/oembed/1.0/embed97da]
[icdn.dantri.com.vn/thumb_w/640/2019/04/18/20190417214055-1555545544324.jpg]
[icdn.dantri.com.vn/thumb_w/640/2019/04/18/ha-dang-va-phan-quang-1555546203236.jpg]
[localhost/banhang-vongda/2019/04/26/doc-phan-quang-viet-ve-bac-ho/index.html]
[localhost/banhang-vongda/wp-json/oembed/1.0/embed34c8.json]
[localhost/banhang-vongda/2019/04/26/xu-ly-can-bo-da-nghi-huu-them-hinh-thuc-ky-luat-xoa-tu-cach-chuc-vu/feed/index.html]
[localhost/banhang-vongda/wp-json/oembed/1.0/embedd4a6]
[icdn.dantri.com.vn/thumb_w/640/2019/04/17/le-vinh-tan-1-1555506986510.jpg]
[localhost/banhang-vongda/2019/04/26/xu-ly-can-bo-da-nghi-huu-them-hinh-thuc-ky-luat-xoa-tu-cach-chuc-vu/index.html]
[localhost/banhang-vongda/wp-json/oembed/1.0/embed4ffd.json]
[localhost/banhang-vongda/2019/04/26/thu-tuong-nguyen-xuan-phuc-hoi-kien-chu-tich-ha-vien-romania/feed/index.html]
[localhost/banhang-vongda/wp-json/oembed/1.0/embed1bb4]
[icdn.dantri.com.vn/thumb_w/640/2019/04/16/t-tg-phuc-1555408821350.jpg]
[localhost/banhang-vongda/2019/04/26/thu-tuong-nguyen-xuan-phuc-hoi-kien-chu-tich-ha-vien-romania/index.html]
[localhost/banhang-vongda/wp-json/oembed/1.0/embedaac4.json]
[localhost/banhang-vongda/2019/04/26/vi-sao-khen-thuong-can-bo-lap-cong-khong-khung-nhu-thuong-cau-thu-bong-da/feed/index.html]
[localhost/banhang-vongda/wp-json/oembed/1.0/embeda217]
[icdn.dantri.com.vn/thumb_w/640/2019/04/26/2-1556259628865.jpg]
[icdn.dantri.com.vn/thumb_w/640/2019/04/26/ong-si-1556259671139.jpg]
[icdn.dantri.com.vn/thumb_w/640/2019/04/26/3-1556259628786.jpg]
[icdn.dantri.com.vn/thumb_w/640/2019/04/26/ong-liem-1556259671196.jpg]
[localhost/banhang-vongda/2019/04/26/vi-sao-khen-thuong-can-bo-lap-cong-khong-khung-nhu-thuong-cau-thu-bong-da/index.html]
[4.bp.blogspot.com/-eMP1KEh-KHE/XI3KfN12P6I/AAAAAAAATHQ/OTSqSxKbeJIi1eVPK1ExEzAdZTbpWBoLQCPcBGAYYCw/s1600/tro-chuot-1.png]
[localhost/banhang-vongda/wp-content/plugins/woocommerce/assets/fonts/star.svg]
[localhost/banhang-vongda/wp-content/plugins/woocommerce/assets/fonts/WooCommerce.svg]
[localhost/banhang-vongda/wp-content/plugins/woocommerce/assets/images/icons/loader.svg]
[localhost/banhang-vongda/wp-content/plugins/woocommerce/assets/images/icons/credit-cards/visa.svg]
[localhost/banhang-vongda/wp-content/plugins/woocommerce/assets/images/icons/credit-cards/mastercard.svg]
[localhost/banhang-vongda/wp-content/plugins/woocommerce/assets/images/icons/credit-cards/laser.svg]
[localhost/banhang-vongda/wp-content/plugins/woocommerce/assets/images/icons/credit-cards/diners.svg]
[localhost/banhang-vongda/wp-content/plugins/woocommerce/assets/images/icons/credit-cards/maestro.svg]
[localhost/banhang-vongda/wp-content/plugins/woocommerce/assets/images/icons/credit-cards/jcb.svg]
[localhost/banhang-vongda/wp-content/plugins/woocommerce/assets/images/icons/credit-cards/amex.svg]
[localhost/banhang-vongda/wp-content/plugins/woocommerce/assets/images/icons/credit-cards/discover.svg]
[localhost/banhang-vongda/ABCDEFGHIJKLMNOPQRSTUVWXYZabcdefghijklmnopqrstuvwxyz0123456789+/index.html]
[localhost/banhang-vongda/^([^_/indexd41d.html]
[localhost/banhang-vongda/GET.html]
[localhost/banhang-vongda/danh-muc-san-pham/da-quy/index6791.html]
[localhost/banhang-vongda/danh-muc-san-pham/da-quy/index0a14.html]
[localhost/banhang-vongda/danh-muc-san-pham/da-quy/index862a.html]
[localhost/banhang-vongda/danh-muc-san-pham/da-quy/index5668.html]
[localhost/banhang-vongda/danh-muc-san-pham/da-quy/index0865.html]
[localhost/banhang-vongda/danh-muc-san-pham/da-quy/indexd74c.html]
[localhost/banhang-vongda/danh-muc-san-pham/da-quy/indexeea2.html]
[localhost/banhang-vongda/danh-muc-san-pham/da-quy/index0e88.html]
[localhost/banhang-vongda/danh-muc-san-pham/da-quy/page/2/index.html]
[localhost/banhang-vongda/danh-muc-san-pham/da-quy/vong-da-phong-thuy/index6791.html]
[localhost/banhang-vongda/danh-muc-san-pham/da-quy/vong-da-phong-thuy/index0a14.html]
[localhost/banhang-vongda/danh-muc-san-pham/da-quy/vong-da-phong-thuy/index862a.html]
[localhost/banhang-vongda/danh-muc-san-pham/da-quy/vong-da-phong-thuy/index5668.html]
[localhost/banhang-vongda/danh-muc-san-pham/da-quy/vong-da-phong-thuy/index0865.html]
[localhost/banhang-vongda/danh-muc-san-pham/da-quy/vong-da-phong-thuy/indexd74c.html]
[localhost/banhang-vongda/danh-muc-san-pham/da-quy/vong-go-phong-thuy/indexeea2.html]
[localhost/banhang-vongda/danh-muc-san-pham/da-quy/vong-go-phong-thuy/index0e88.html]
[localhost/banhang-vongda/danh-muc-san-pham/da-quy/vong-go-phong-thuy/indexfc38.html]
[localhost/banhang-vongda/danh-muc-san-pham/da-quy/vong-go-phong-thuy/index5f6a.html]
[localhost/banhang-vongda/danh-muc-san-pham/da-quy/vong-go-phong-thuy/index0235.html]
[localhost/banhang-vongda/sản phẩm/vong-go-phong-thuy-008/feed/index.html]
[localhost/banhang-vongda/sản phẩm/vong-go-phong-thuy-008/index.html]
[localhost/banhang-vongda/danh-muc-san-pham/da-quy/vong-go-phong-thuy/indexf41b.html]
[localhost/banhang-vongda/index60d6.html]
[localhost/banhang-vongda/wp-content/plugins/woocommerce/assets/css/select2822f.css]
[localhost/banhang-vongda/indexc4f7.html]
[localhost/banhang-vongda/indexea0f.html]
[localhost/banhang-vongda/wp-json/oembed/1.0/embed7129.json]
[localhost/banhang-vongda/wp-json/oembed/1.0/embed38a3]
[localhost/banhang-vongda/sản phẩm/vong-go-phong-thuy-001/index0865.html]
[localhost/banhang-vongda/sản phẩm/vong-go-phong-thuy-001/indexeea2.html]
[localhost/banhang-vongda/sản phẩm/vong-go-phong-thuy-001/index5f6a.html]
[localhost/banhang-vongda/sản phẩm/vong-go-phong-thuy-001/indexf41b.html]
[localhost/banhang-vongda/sản phẩm/vong-go-phong-thuy-001/index862a.html]
[localhost/banhang-vongda/sản phẩm/vong-go-phong-thuy-001/indexfc38.html]
[localhost/banhang-vongda/index153d.html]
[localhost/banhang-vongda/wp-json/oembed/1.0/embedc046.json]
[localhost/banhang-vongda/wp-json/oembed/1.0/embed906d]
[localhost/banhang-vongda/sản phẩm/vong-go-phong-thuy-002/index0a14.html]
[localhost/banhang-vongda/sản phẩm/vong-go-phong-thuy-002/index0e88.html]
[localhost/banhang-vongda/sản phẩm/vong-go-phong-thuy-002/indexd74c.html]
[localhost/banhang-vongda/sản phẩm/vong-go-phong-thuy-002/indexeea2.html]
[localhost/banhang-vongda/sản phẩm/vong-go-phong-thuy-002/indexf41b.html]
[localhost/banhang-vongda/sản phẩm/vong-go-phong-thuy-002/index5668.html]
[localhost/banhang-vongda/sản phẩm/vong-go-phong-thuy-002/index6791.html]
[localhost/banhang-vongda/index5a24.html]
[localhost/banhang-vongda/wp-json/oembed/1.0/embed03ba.json]
[localhost/banhang-vongda/wp-json/oembed/1.0/embed5a86]
[localhost/banhang-vongda/sản phẩm/vong-go-phong-thuy-003/indexeea2.html]
[localhost/banhang-vongda/sản phẩm/vong-go-phong-thuy-003/index5668.html]
[localhost/banhang-vongda/sản phẩm/vong-go-phong-thuy-003/index0235.html]
[localhost/banhang-vongda/sản phẩm/vong-go-phong-thuy-003/indexd74c.html]
[localhost/banhang-vongda/sản phẩm/vong-go-phong-thuy-003/index5f6a.html]
[localhost/banhang-vongda/sản phẩm/vong-go-phong-thuy-003/index0e88.html]
[localhost/banhang-vongda/sản phẩm/vong-go-phong-thuy-003/index0a14.html]
[localhost/banhang-vongda/sản phẩm/vong-go-phong-thuy-003/indexfc38.html]
[localhost/banhang-vongda/index460d.html]
[localhost/banhang-vongda/wp-json/oembed/1.0/embedab80.json]
[localhost/banhang-vongda/wp-json/oembed/1.0/embedc846]
[localhost/banhang-vongda/sản phẩm/vong-go-phong-thuy-003-2/index0e88.html]
[localhost/banhang-vongda/sản phẩm/vong-go-phong-thuy-003-2/index6791.html]
[localhost/banhang-vongda/sản phẩm/vong-go-phong-thuy-003-2/index0a14.html]
[localhost/banhang-vongda/sản phẩm/vong-go-phong-thuy-003-2/indexfc38.html]
[localhost/banhang-vongda/sản phẩm/vong-go-phong-thuy-003-2/index5f6a.html]
[localhost/banhang-vongda/sản phẩm/vong-go-phong-thuy-003-2/indexf41b.html]
[localhost/banhang-vongda/indexe887.html]
[localhost/banhang-vongda/wp-json/oembed/1.0/embed79d2.json]
[localhost/banhang-vongda/wp-json/oembed/1.0/embedc847]
[localhost/banhang-vongda/sản phẩm/vong-go-phong-thuy-004/index0235.html]
[localhost/banhang-vongda/sản phẩm/vong-go-phong-thuy-004/indexd74c.html]
[localhost/banhang-vongda/sản phẩm/vong-go-phong-thuy-004/index5668.html]
[localhost/banhang-vongda/sản phẩm/vong-go-phong-thuy-004/index5f6a.html]
[localhost/banhang-vongda/sản phẩm/vong-go-phong-thuy-004/index0e88.html]
[localhost/banhang-vongda/sản phẩm/vong-go-phong-thuy-004/index0865.html]
[localhost/banhang-vongda/sản phẩm/vong-go-phong-thuy-004/indexfc38.html]
[localhost/banhang-vongda/index5f87.html]
[localhost/banhang-vongda/wp-json/oembed/1.0/embedd2e0.json]
[localhost/banhang-vongda/wp-json/oembed/1.0/embed3ad9]
[localhost/banhang-vongda/sản phẩm/vong-go-phong-thuy-005/indexfc38.html]
[localhost/banhang-vongda/sản phẩm/vong-go-phong-thuy-005/index5f6a.html]
[localhost/banhang-vongda/sản phẩm/vong-go-phong-thuy-005/indexd74c.html]
[localhost/banhang-vongda/sản phẩm/vong-go-phong-thuy-005/index5668.html]
[localhost/banhang-vongda/sản phẩm/vong-go-phong-thuy-005/index862a.html]
[localhost/banhang-vongda/sản phẩm/vong-go-phong-thuy-005/index0e88.html]
[localhost/banhang-vongda/sản phẩm/vong-go-phong-thuy-005/index0865.html]
[localhost/banhang-vongda/indexbbbb.html]
[localhost/banhang-vongda/wp-json/oembed/1.0/embeddd01.json]
[localhost/banhang-vongda/wp-json/oembed/1.0/embedd8a4]
[localhost/banhang-vongda/sản phẩm/vong-go-phong-thuy-006/index5f6a.html]
[localhost/banhang-vongda/sản phẩm/vong-go-phong-thuy-006/index0235.html]
[localhost/banhang-vongda/sản phẩm/vong-go-phong-thuy-006/indexfc38.html]
[localhost/banhang-vongda/sản phẩm/vong-go-phong-thuy-006/index6791.html]
[localhost/banhang-vongda/sản phẩm/vong-go-phong-thuy-006/index0e88.html]
[localhost/banhang-vongda/index8820.html]
[localhost/banhang-vongda/wp-json/oembed/1.0/embedd90b.json]
[localhost/banhang-vongda/wp-json/oembed/1.0/embedfb38]
[localhost/banhang-vongda/sản phẩm/vong-go-phong-thuy-007/index0235.html]
[localhost/banhang-vongda/sản phẩm/vong-go-phong-thuy-007/indexd74c.html]
[localhost/banhang-vongda/sản phẩm/vong-go-phong-thuy-007/index5668.html]
[localhost/banhang-vongda/sản phẩm/vong-go-phong-thuy-007/indexf41b.html]
[localhost/banhang-vongda/sản phẩm/vong-go-phong-thuy-007/index862a.html]
[localhost/banhang-vongda/sản phẩm/vong-go-phong-thuy-007/indexfc38.html]
[localhost/banhang-vongda/index5eda.html]
[localhost/banhang-vongda/wp-json/oembed/1.0/embed6144.json]
[localhost/banhang-vongda/wp-json/oembed/1.0/embedefec]
[localhost/banhang-vongda/sản phẩm/vong-da-phong-thuy-004/index6791.html]
[localhost/banhang-vongda/sản phẩm/vong-da-phong-thuy-004/index0e88.html]
[localhost/banhang-vongda/sản phẩm/vong-da-phong-thuy-004/indexd74c.html]
[localhost/banhang-vongda/sản phẩm/vong-da-phong-thuy-004/index5f6a.html]
[localhost/banhang-vongda/sản phẩm/vong-da-phong-thuy-004/indexeea2.html]
[localhost/banhang-vongda/sản phẩm/vong-da-phong-thuy-004/index862a.html]
[localhost/banhang-vongda/sản phẩm/vong-da-phong-thuy-004/index5668.html]
[localhost/banhang-vongda/sản phẩm/vong-da-phong-thuy-004/indexfc38.html]
[localhost/banhang-vongda/index36d4.html]
[localhost/banhang-vongda/wp-json/oembed/1.0/embed36cb.json]
[localhost/banhang-vongda/wp-json/oembed/1.0/embed00a5]
[localhost/banhang-vongda/sản phẩm/vong-da-phong-thuy-k02/index0235.html]
[localhost/banhang-vongda/sản phẩm/vong-da-phong-thuy-k02/indexfc38.html]
[localhost/banhang-vongda/sản phẩm/vong-da-phong-thuy-k02/indexeea2.html]
[localhost/banhang-vongda/sản phẩm/vong-da-phong-thuy-k02/index0865.html]
[localhost/banhang-vongda/sản phẩm/vong-da-phong-thuy-k02/index862a.html]
[localhost/banhang-vongda/sản phẩm/vong-da-phong-thuy-k02/index6791.html]
[localhost/banhang-vongda/sản phẩm/vong-da-phong-thuy-k02/index0e88.html]
[localhost/banhang-vongda/index65d2.html]
[localhost/banhang-vongda/wp-json/oembed/1.0/embed7a3f.json]
[localhost/banhang-vongda/wp-json/oembed/1.0/embedb881]
[localhost/banhang-vongda/sản phẩm/vong-da-phong-thuy-k03/index0a14.html]
[localhost/banhang-vongda/sản phẩm/vong-da-phong-thuy-k03/index6791.html]
[localhost/banhang-vongda/sản phẩm/vong-da-phong-thuy-k03/indexd74c.html]
[localhost/banhang-vongda/sản phẩm/vong-da-phong-thuy-k03/index862a.html]
[localhost/banhang-vongda/sản phẩm/vong-da-phong-thuy-k03/index0865.html]
[localhost/banhang-vongda/sản phẩm/vong-da-phong-thuy-k03/index0e88.html]
[localhost/banhang-vongda/sản phẩm/vong-da-phong-thuy-k03/indexeea2.html]
[localhost/banhang-vongda/index6f72.html]
[localhost/banhang-vongda/wp-json/oembed/1.0/embed9c70.json]
[localhost/banhang-vongda/wp-json/oembed/1.0/embed526e]
[localhost/banhang-vongda/sản phẩm/96/index0e88.html]
[localhost/banhang-vongda/sản phẩm/96/indexeea2.html]
[localhost/banhang-vongda/sản phẩm/96/index6791.html]
[localhost/banhang-vongda/sản phẩm/96/index5f6a.html]
[localhost/banhang-vongda/sản phẩm/96/index0235.html]
[localhost/banhang-vongda/sản phẩm/96/indexd74c.html]
[localhost/banhang-vongda/sản phẩm/96/index0865.html]
[localhost/banhang-vongda/indexb6ad.html]
[localhost/banhang-vongda/wp-json/oembed/1.0/embed78ea.json]
[localhost/banhang-vongda/wp-json/oembed/1.0/embed6058]
[localhost/banhang-vongda/sản phẩm/vong-da-phong-thuy-k06/index862a.html]
[localhost/banhang-vongda/sản phẩm/vong-da-phong-thuy-k06/index5f6a.html]
[localhost/banhang-vongda/sản phẩm/vong-da-phong-thuy-k06/indexf41b.html]
[localhost/banhang-vongda/sản phẩm/vong-da-phong-thuy-k06/index6791.html]
[localhost/banhang-vongda/sản phẩm/vong-da-phong-thuy-k06/indexd74c.html]
[localhost/banhang-vongda/sản phẩm/vong-da-phong-thuy-k06/index0e88.html]
[localhost/banhang-vongda/sản phẩm/vong-da-phong-thuy-k06/index0865.html]
[localhost/banhang-vongda/sản phẩm/vong-da-phong-thuy-k06/indexeea2.html]
[localhost/banhang-vongda/index3f5a.html]
[localhost/banhang-vongda/wp-json/oembed/1.0/embed6f9b.json]
[localhost/banhang-vongda/wp-json/oembed/1.0/embed7dea]
[localhost/banhang-vongda/sản phẩm/vong-da-phong-thuy-k07/index5668.html]
[localhost/banhang-vongda/sản phẩm/vong-da-phong-thuy-k07/indexd74c.html]
[localhost/banhang-vongda/sản phẩm/vong-da-phong-thuy-k07/index6791.html]
[localhost/banhang-vongda/sản phẩm/vong-da-phong-thuy-k07/indexf41b.html]
[localhost/banhang-vongda/sản phẩm/vong-da-phong-thuy-k07/index0a14.html]
[localhost/banhang-vongda/sản phẩm/vong-da-phong-thuy-k07/index5f6a.html]
[localhost/banhang-vongda/sản phẩm/vong-da-phong-thuy-k07/index0e88.html]
[localhost/banhang-vongda/indexc5eb.html]
[localhost/banhang-vongda/wp-json/oembed/1.0/embedbbff.json]
[localhost/banhang-vongda/wp-json/oembed/1.0/embed155e]
[localhost/banhang-vongda/sản phẩm/vong-da-phong-thuy-k08/index0865.html]
[localhost/banhang-vongda/sản phẩm/vong-da-phong-thuy-k08/index6791.html]
[localhost/banhang-vongda/sản phẩm/vong-da-phong-thuy-k08/index5f6a.html]
[localhost/banhang-vongda/sản phẩm/vong-da-phong-thuy-k08/index0235.html]
[localhost/banhang-vongda/sản phẩm/vong-da-phong-thuy-k08/indexd74c.html]
[localhost/banhang-vongda/sản phẩm/vong-da-phong-thuy-k08/indexfc38.html]
[localhost/banhang-vongda/sản phẩm/vong-da-phong-thuy-k08/index862a.html]
[localhost/banhang-vongda/indexeffd.html]
[localhost/banhang-vongda/wp-json/oembed/1.0/embed9212.json]
[localhost/banhang-vongda/wp-json/oembed/1.0/embed311b]
[localhost/banhang-vongda/sản phẩm/vong-da-xanh-luc-k1/indexd74c.html]
[localhost/banhang-vongda/sản phẩm/vong-da-xanh-luc-k1/index0865.html]
[localhost/banhang-vongda/sản phẩm/vong-da-xanh-luc-k1/index0e88.html]
[localhost/banhang-vongda/sản phẩm/vong-da-xanh-luc-k1/index5668.html]
[localhost/banhang-vongda/sản phẩm/vong-da-xanh-luc-k1/indexfc38.html]
[localhost/banhang-vongda/sản phẩm/vong-da-xanh-luc-k1/index6791.html]
[localhost/banhang-vongda/sản phẩm/vong-da-xanh-luc-k1/index0235.html]
[localhost/banhang-vongda/index8b4e.html]
[localhost/banhang-vongda/xmlrpc.php]
[localhost/banhang-vongda/index9751.html]
[localhost/banhang-vongda/indexd4a6.html]
[localhost/banhang-vongda/index2c90.html]
[localhost/banhang-vongda/index8320.html]
[localhost/banhang-vongda/index30a5.html]
[localhost/banhang-vongda/danh-muc-san-pham/da-quy/page/2/indexfc38.html]
[localhost/banhang-vongda/danh-muc-san-pham/da-quy/page/2/index5f6a.html]
[localhost/banhang-vongda/danh-muc-san-pham/da-quy/page/2/index0235.html]
[localhost/banhang-vongda/danh-muc-san-pham/da-quy/page/2/indexf41b.html]
[localhost/banhang-vongda/danh-muc-san-pham/da-quy/page/1/index.html]
[localhost/banhang-vongda/index3961.html]
[localhost/banhang-vongda/wp-json/oembed/1.0/embede6e8.json]
[localhost/banhang-vongda/wp-json/oembed/1.0/embeddf8f]
[localhost/banhang-vongda/sản phẩm/vong-go-phong-thuy-008/indexf41b.html]
[localhost/banhang-vongda/sản phẩm/vong-go-phong-thuy-008/index862a.html]
[localhost/banhang-vongda/sản phẩm/vong-go-phong-thuy-008/index0a14.html]
[localhost/banhang-vongda/sản phẩm/vong-go-phong-thuy-008/index0865.html]
[localhost/banhang-vongda/sản phẩm/vong-go-phong-thuy-008/index5f6a.html]
[localhost/banhang-vongda/sản phẩm/vong-go-phong-thuy-008/indexfc38.html]
[localhost/banhang-vongda/sản phẩm/vong-go-phong-thuy-008/index6791.html]
[localhost/banhang-vongda/sảnphẩm/vong-go-phong-thuy-001/index.html]
[localhost/banhang-vongda/sản phẩm/vong-go-phong-thuy-001/index0235.html]
[localhost/banhang-vongda/sản phẩm/vong-go-phong-thuy-001/index6791.html]
[localhost/banhang-vongda/sản phẩm/vong-go-phong-thuy-001/indexd74c.html]
[localhost/banhang-vongda/sản phẩm/vong-go-phong-thuy-001/index0e88.html]
[localhost/banhang-vongda/sản phẩm/vong-go-phong-thuy-001/index5668.html]
[localhost/banhang-vongda/sản phẩm/vong-go-phong-thuy-001/index0a14.html]
[localhost/banhang-vongda/sảnphẩm/vong-go-phong-thuy-002/index.html]
[localhost/banhang-vongda/sản phẩm/vong-go-phong-thuy-002/index862a.html]
[localhost/banhang-vongda/sản phẩm/vong-go-phong-thuy-002/index0865.html]
[localhost/banhang-vongda/sản phẩm/vong-go-phong-thuy-002/indexfc38.html]
[localhost/banhang-vongda/sản phẩm/vong-go-phong-thuy-002/index0235.html]
[localhost/banhang-vongda/sảnphẩm/vong-go-phong-thuy-003/index.html]
[localhost/banhang-vongda/sản phẩm/vong-go-phong-thuy-003/index862a.html]
[localhost/banhang-vongda/sản phẩm/vong-go-phong-thuy-003/indexf41b.html]
[localhost/banhang-vongda/sản phẩm/vong-go-phong-thuy-003/index0865.html]
[localhost/banhang-vongda/sản phẩm/vong-go-phong-thuy-003/index6791.html]
[localhost/banhang-vongda/sảnphẩm/vong-go-phong-thuy-003-2/index.html]
[localhost/banhang-vongda/sản phẩm/vong-go-phong-thuy-003-2/index0235.html]
[localhost/banhang-vongda/sản phẩm/vong-go-phong-thuy-003-2/index5668.html]
[localhost/banhang-vongda/sản phẩm/vong-go-phong-thuy-003-2/index0865.html]
[localhost/banhang-vongda/sản phẩm/vong-go-phong-thuy-003-2/index862a.html]
[localhost/banhang-vongda/sản phẩm/vong-go-phong-thuy-003-2/indexeea2.html]
[localhost/banhang-vongda/sản phẩm/vong-go-phong-thuy-003-2/indexd74c.html]
[localhost/banhang-vongda/sảnphẩm/vong-go-phong-thuy-004/index.html]
[localhost/banhang-vongda/sản phẩm/vong-go-phong-thuy-004/index6791.html]
[localhost/banhang-vongda/sản phẩm/vong-go-phong-thuy-004/indexf41b.html]
[localhost/banhang-vongda/sản phẩm/vong-go-phong-thuy-004/index862a.html]
[localhost/banhang-vongda/sản phẩm/vong-go-phong-thuy-004/indexeea2.html]
[localhost/banhang-vongda/sản phẩm/vong-go-phong-thuy-004/index0a14.html]
[localhost/banhang-vongda/sảnphẩm/vong-go-phong-thuy-005/index.html]
[localhost/banhang-vongda/sản phẩm/vong-go-phong-thuy-005/index6791.html]
[localhost/banhang-vongda/sản phẩm/vong-go-phong-thuy-005/indexf41b.html]
[localhost/banhang-vongda/sản phẩm/vong-go-phong-thuy-005/indexeea2.html]
[localhost/banhang-vongda/sản phẩm/vong-go-phong-thuy-005/index0a14.html]
[localhost/banhang-vongda/sản phẩm/vong-go-phong-thuy-005/index0235.html]
[localhost/banhang-vongda/sảnphẩm/vong-go-phong-thuy-006/index.html]
[localhost/banhang-vongda/sản phẩm/vong-go-phong-thuy-006/index862a.html]
[localhost/banhang-vongda/sản phẩm/vong-go-phong-thuy-006/indexf41b.html]
[localhost/banhang-vongda/sản phẩm/vong-go-phong-thuy-006/indexd74c.html]
[localhost/banhang-vongda/sản phẩm/vong-go-phong-thuy-006/index0865.html]
[localhost/banhang-vongda/sản phẩm/vong-go-phong-thuy-006/index5668.html]
[localhost/banhang-vongda/sản phẩm/vong-go-phong-thuy-006/indexeea2.html]
[localhost/banhang-vongda/sản phẩm/vong-go-phong-thuy-006/index0a14.html]
[localhost/banhang-vongda/sảnphẩm/vong-go-phong-thuy-007/index.html]
[localhost/banhang-vongda/sản phẩm/vong-go-phong-thuy-007/index0e88.html]
[localhost/banhang-vongda/sản phẩm/vong-go-phong-thuy-007/index6791.html]
[localhost/banhang-vongda/sản phẩm/vong-go-phong-thuy-007/index0a14.html]
[localhost/banhang-vongda/sản phẩm/vong-go-phong-thuy-007/indexeea2.html]
[localhost/banhang-vongda/sản phẩm/vong-go-phong-thuy-007/index0865.html]
[localhost/banhang-vongda/sảnphẩm/vong-da-phong-thuy-004/index.html]
[localhost/banhang-vongda/sản phẩm/vong-da-phong-thuy-004/indexf41b.html]
[localhost/banhang-vongda/sản phẩm/vong-da-phong-thuy-004/index0235.html]
[localhost/banhang-vongda/sản phẩm/vong-da-phong-thuy-004/index0a14.html]
[localhost/banhang-vongda/sản phẩm/vong-da-phong-thuy-004/index0865.html]
[localhost/banhang-vongda/sảnphẩm/vong-da-phong-thuy-k02/index.html]
[localhost/banhang-vongda/sản phẩm/vong-da-phong-thuy-k02/indexf41b.html]
[localhost/banhang-vongda/sản phẩm/vong-da-phong-thuy-k02/index5668.html]
[localhost/banhang-vongda/sản phẩm/vong-da-phong-thuy-k02/index0a14.html]
[localhost/banhang-vongda/sản phẩm/vong-da-phong-thuy-k02/index5f6a.html]
[localhost/banhang-vongda/sản phẩm/vong-da-phong-thuy-k02/indexd74c.html]
[localhost/banhang-vongda/sảnphẩm/vong-da-phong-thuy-k03/index.html]
[localhost/banhang-vongda/sản phẩm/vong-da-phong-thuy-k03/index0235.html]
[localhost/banhang-vongda/sản phẩm/vong-da-phong-thuy-k03/indexf41b.html]
[localhost/banhang-vongda/sản phẩm/vong-da-phong-thuy-k03/index5668.html]
[localhost/banhang-vongda/sản phẩm/vong-da-phong-thuy-k03/index5f6a.html]
[localhost/banhang-vongda/sản phẩm/vong-da-phong-thuy-k03/indexfc38.html]
[localhost/banhang-vongda/sảnphẩm/96/index.html]
[localhost/banhang-vongda/sản phẩm/96/index0a14.html]
[localhost/banhang-vongda/sản phẩm/96/index862a.html]
[localhost/banhang-vongda/sản phẩm/96/indexfc38.html]
[localhost/banhang-vongda/sản phẩm/96/index5668.html]
[localhost/banhang-vongda/sản phẩm/96/indexf41b.html]
[localhost/banhang-vongda/sảnphẩm/vong-da-phong-thuy-k06/index.html]
[localhost/banhang-vongda/sản phẩm/vong-da-phong-thuy-k06/indexfc38.html]
[localhost/banhang-vongda/sản phẩm/vong-da-phong-thuy-k06/index0235.html]
[localhost/banhang-vongda/sản phẩm/vong-da-phong-thuy-k06/index5668.html]
[localhost/banhang-vongda/sản phẩm/vong-da-phong-thuy-k06/index0a14.html]
[localhost/banhang-vongda/sảnphẩm/vong-da-phong-thuy-k07/index.html]
[localhost/banhang-vongda/sản phẩm/vong-da-phong-thuy-k07/index0235.html]
[localhost/banhang-vongda/sản phẩm/vong-da-phong-thuy-k07/index862a.html]
[localhost/banhang-vongda/sản phẩm/vong-da-phong-thuy-k07/indexfc38.html]
[localhost/banhang-vongda/sản phẩm/vong-da-phong-thuy-k07/index0865.html]
[localhost/banhang-vongda/sản phẩm/vong-da-phong-thuy-k07/indexeea2.html]
[localhost/banhang-vongda/sảnphẩm/vong-da-phong-thuy-k08/index.html]
[localhost/banhang-vongda/sản phẩm/vong-da-phong-thuy-k08/index0a14.html]
[localhost/banhang-vongda/sản phẩm/vong-da-phong-thuy-k08/indexf41b.html]
[localhost/banhang-vongda/sản phẩm/vong-da-phong-thuy-k08/indexeea2.html]
[localhost/banhang-vongda/sản phẩm/vong-da-phong-thuy-k08/index5668.html]
[localhost/banhang-vongda/sản phẩm/vong-da-phong-thuy-k08/index0e88.html]
[localhost/banhang-vongda/sảnphẩm/vong-da-xanh-luc-k1/index.html]
[localhost/banhang-vongda/sản phẩm/vong-da-xanh-luc-k1/index0a14.html]
[localhost/banhang-vongda/sản phẩm/vong-da-xanh-luc-k1/indexeea2.html]
[localhost/banhang-vongda/sản phẩm/vong-da-xanh-luc-k1/indexf41b.html]
[localhost/banhang-vongda/sản phẩm/vong-da-xanh-luc-k1/index862a.html]
[localhost/banhang-vongda/sản phẩm/vong-da-xanh-luc-k1/index5f6a.html]
[localhost/banhang-vongda/sảnphẩm/vong-go-phong-thuy-008/index.html]
[localhost/banhang-vongda/sản phẩm/vong-go-phong-thuy-008/indexd74c.html]
[localhost/banhang-vongda/sản phẩm/vong-go-phong-thuy-008/indexeea2.html]
[localhost/banhang-vongda/sản phẩm/vong-go-phong-thuy-008/index0e88.html]
[localhost/banhang-vongda/sản phẩm/vong-go-phong-thuy-002/index5f6a.html]
[localhost/banhang-vongda/sản phẩm/vong-go-phong-thuy-007/index5f6a.html]
[localhost/banhang-vongda/sản phẩm/vong-go-phong-thuy-008/index0235.html]
[localhost/banhang-vongda/sản phẩm/vong-go-phong-thuy-008/index5668.html]
